>>> text_ind = __import__('5-text_indentation').text_indentation
>>> text_ind("Betty:Holberton")
Betty:
<BLANKLINE>
Holberton
<BLANKLINE>

>>> text_ind("Betty:::Holberton")
Betty:
<BLANKLINE>
:
<BLANKLINE>
:
<BLANKLINE>
Holberton
<BLANKLINE>

>>> text_ind(42)
Traceback (most recent call last):
...
TypeError: text must be a string

>>> text_ind("HelloWorld")
HelloWorld
